2002-10-31 21:05:01,861 DEBUG org.apache.maven.app.App - Initializing core.
2002-10-31 21:05:06,938 DEBUG org.apache.maven.repository.DefaultJarArtifact - artifact: log4j-1.1.3.jar
2002-10-31 21:05:06,938 DEBUG org.apache.maven.repository.DefaultJarArtifact - artifact: logkit-1.0.1.jar
2002-10-31 21:05:06,938 DEBUG org.apache.maven.repository.DefaultJarArtifact - artifact: junit-3.7.jar
2002-10-31 21:05:06,948 ERROR org.apache.commons.jelly.tags.ant.AntTag - Class org.apache.commons.jelly.tags.werkz.ProjectTag doesn't support the nested "path" element.
2002-10-31 21:05:07,078 ERROR org.apache.commons.jelly.tags.ant.AntTag - Class org.apache.commons.jelly.tags.core.IfTag doesn't support the nested "path" element.
2002-10-31 21:05:08,430 DEBUG org.apache.maven.app.ProjectVerifier - id: log4j
2002-10-31 21:05:08,430 DEBUG org.apache.maven.app.ProjectVerifier - version: 1.1.3
2002-10-31 21:05:08,430 DEBUG org.apache.maven.app.ProjectVerifier - jar: log4j-1.1.3.jar
2002-10-31 21:05:08,430 DEBUG org.apache.maven.repository.DefaultJarArtifact - artifact: log4j-1.1.3.jar
2002-10-31 21:05:08,430 DEBUG org.apache.maven.app.ProjectVerifier - Looking for C:\Program Files\maven\repository\log4j\jars\log4j-1.1.3.jar


2002-10-31 21:05:08,430 DEBUG org.apache.maven.app.ProjectVerifier - id: logkit
2002-10-31 21:05:08,430 DEBUG org.apache.maven.app.ProjectVerifier - version: 1.0.1
2002-10-31 21:05:08,430 DEBUG org.apache.maven.app.ProjectVerifier - jar: logkit-1.0.1.jar
2002-10-31 21:05:08,430 DEBUG org.apache.maven.repository.DefaultJarArtifact - artifact: logkit-1.0.1.jar
2002-10-31 21:05:08,430 DEBUG org.apache.maven.app.ProjectVerifier - Looking for C:\Program Files\maven\repository\logkit\jars\logkit-1.0.1.jar


2002-10-31 21:05:08,430 DEBUG org.apache.maven.app.ProjectVerifier - id: junit
2002-10-31 21:05:08,430 DEBUG org.apache.maven.app.ProjectVerifier - version: 3.7
2002-10-31 21:05:08,430 DEBUG org.apache.maven.app.ProjectVerifier - jar: junit-3.7.jar
2002-10-31 21:05:08,440 DEBUG org.apache.maven.repository.DefaultJarArtifact - artifact: junit-3.7.jar
2002-10-31 21:05:08,440 DEBUG org.apache.maven.app.ProjectVerifier - Looking for C:\Program Files\maven\repository\junit\jars\junit-3.7.jar


2002-10-31 21:05:08,440 DEBUG org.apache.maven.app.PluginManager - 

LOADING PLUGIN: maven-site-plugin-1.1-SNAPSHOT -> c:\program files\maven\plugins\maven-site-plugin-1.1-SNAPSHOT
2002-10-31 21:05:08,771 DEBUG org.apache.maven.app.PluginManager - Loading plugin dependencies:
2002-10-31 21:05:08,771 DEBUG org.apache.maven.app.PluginManager - dependency: ant
2002-10-31 21:05:08,771 DEBUG org.apache.maven.app.PluginManager - classloader: root.maven
2002-10-31 21:05:08,781 DEBUG org.apache.maven.repository.DefaultJarArtifact - artifact: ant-1.5.jar
2002-10-31 21:05:08,781 DEBUG org.apache.maven.app.PluginManager - jarFile: c:\program files\maven\repository\ant\jars\ant-1.5.jar
2002-10-31 21:05:08,781 DEBUG org.apache.maven.app.PluginManager - Adding c:\program files\maven\repository\ant\jars\ant-1.5.jar to root.maven
2002-10-31 21:05:08,781 DEBUG org.apache.maven.app.PluginManager - dependency: commons-lang
2002-10-31 21:05:08,781 DEBUG org.apache.maven.app.PluginManager - classloader: root.maven
2002-10-31 21:05:08,781 DEBUG org.apache.maven.repository.DefaultJarArtifact - artifact: commons-lang-1.0-b1.1.jar
2002-10-31 21:05:08,781 DEBUG org.apache.maven.app.PluginManager - jarFile: c:\program files\maven\repository\commons-lang\jars\commons-lang-1.0-b1.1.jar
2002-10-31 21:05:08,781 DEBUG org.apache.maven.app.PluginManager - Adding c:\program files\maven\repository\commons-lang\jars\commons-lang-1.0-b1.1.jar to root.maven
2002-10-31 21:05:08,781 DEBUG org.apache.maven.repository.DefaultJarArtifact - artifact: ant-1.5.jar
2002-10-31 21:05:08,781 DEBUG org.apache.maven.repository.DefaultJarArtifact - artifact: commons-lang-1.0-b1.1.jar
2002-10-31 21:05:08,941 DEBUG org.apache.maven.app.PluginManager - 

LOADING PLUGIN: maven-latex-plugin-1.0 -> c:\program files\maven\plugins\maven-latex-plugin-1.0
2002-10-31 21:05:09,342 DEBUG org.apache.maven.app.PluginManager - Loading plugin dependencies:
2002-10-31 21:05:09,352 DEBUG org.apache.maven.app.PluginManager - dependency: ant
2002-10-31 21:05:09,352 DEBUG org.apache.maven.app.PluginManager - classloader: root.maven
2002-10-31 21:05:09,352 DEBUG org.apache.maven.repository.DefaultJarArtifact - artifact: ant-1.5.jar
2002-10-31 21:05:09,352 DEBUG org.apache.maven.app.PluginManager - jarFile: c:\program files\maven\repository\ant\jars\ant-1.5.jar
2002-10-31 21:05:09,352 DEBUG org.apache.maven.app.PluginManager - Adding c:\program files\maven\repository\ant\jars\ant-1.5.jar to root.maven
2002-10-31 21:05:09,352 DEBUG org.apache.maven.app.PluginManager - dependency: commons-lang
2002-10-31 21:05:09,352 DEBUG org.apache.maven.app.PluginManager - classloader: root.maven
2002-10-31 21:05:09,352 DEBUG org.apache.maven.repository.DefaultJarArtifact - artifact: commons-lang-1.0-b1.1.jar
2002-10-31 21:05:09,352 DEBUG org.apache.maven.app.PluginManager - jarFile: c:\program files\maven\repository\commons-lang\jars\commons-lang-1.0-b1.1.jar
2002-10-31 21:05:09,352 DEBUG org.apache.maven.app.PluginManager - Adding c:\program files\maven\repository\commons-lang\jars\commons-lang-1.0-b1.1.jar to root.maven
2002-10-31 21:05:09,352 DEBUG org.apache.maven.app.PluginManager - dependency: anttex
2002-10-31 21:05:09,352 DEBUG org.apache.maven.app.PluginManager - classloader: root
2002-10-31 21:05:09,362 DEBUG org.apache.maven.repository.DefaultJarArtifact - artifact: anttex-1.0.jar
2002-10-31 21:05:09,362 DEBUG org.apache.maven.app.PluginManager - jarFile: c:\program files\maven\repository\anttex\jars\anttex-1.0.jar
2002-10-31 21:05:09,362 DEBUG org.apache.maven.app.PluginManager - Adding c:\program files\maven\repository\anttex\jars\anttex-1.0.jar to root
2002-10-31 21:05:09,362 DEBUG org.apache.maven.repository.DefaultJarArtifact - artifact: ant-1.5.jar
2002-10-31 21:05:09,362 DEBUG org.apache.maven.repository.DefaultJarArtifact - artifact: commons-lang-1.0-b1.1.jar
2002-10-31 21:05:09,362 DEBUG org.apache.maven.repository.DefaultJarArtifact - artifact: anttex-1.0.jar
2002-10-31 21:05:09,432 DEBUG org.apache.maven.app.PluginManager - 

LOADING PLUGIN: maven-word2html-plugin-1.1 -> c:\program files\maven\plugins\maven-word2html-plugin-1.1
2002-10-31 21:05:09,522 DEBUG org.apache.maven.app.PluginManager - Loading plugin dependencies:
2002-10-31 21:05:09,562 DEBUG org.apache.maven.app.PluginManager - 

LOADING PLUGIN: maven-jdepend-plugin-1.1 -> c:\program files\maven\plugins\maven-jdepend-plugin-1.1
2002-10-31 21:05:09,742 DEBUG org.apache.maven.app.PluginManager - Loading plugin dependencies:
2002-10-31 21:05:09,742 DEBUG org.apache.maven.app.PluginManager - dependency: jdepend
2002-10-31 21:05:09,742 DEBUG org.apache.maven.app.PluginManager - classloader: root.maven
2002-10-31 21:05:09,742 DEBUG org.apache.maven.repository.DefaultJarArtifact - artifact: jdepend-2.2.jar
2002-10-31 21:05:09,742 DEBUG org.apache.maven.app.PluginManager - jarFile: c:\program files\maven\repository\jdepend\jars\jdepend-2.2.jar
2002-10-31 21:05:09,742 DEBUG org.apache.maven.app.PluginManager - Adding c:\program files\maven\repository\jdepend\jars\jdepend-2.2.jar to root.maven
2002-10-31 21:05:09,752 DEBUG org.apache.maven.repository.DefaultJarArtifact - artifact: jdepend-2.2.jar
2002-10-31 21:05:09,762 DEBUG org.apache.maven.app.PluginManager - 

LOADING PLUGIN: maven-xdoc-plugin-1.3-SNAPSHOT -> c:\program files\maven\plugins\maven-xdoc-plugin-1.3-SNAPSHOT
2002-10-31 21:05:09,953 DEBUG org.apache.maven.app.PluginManager - Loading plugin dependencies:
2002-10-31 21:05:09,953 DEBUG org.apache.maven.app.PluginManager - dependency: ant
2002-10-31 21:05:09,953 DEBUG org.apache.maven.app.PluginManager - classloader: null
2002-10-31 21:05:09,953 DEBUG org.apache.maven.app.PluginManager - dependency: dom4j
2002-10-31 21:05:09,953 DEBUG org.apache.maven.app.PluginManager - classloader: null
2002-10-31 21:05:09,953 DEBUG org.apache.maven.app.PluginManager - dependency: maven
2002-10-31 21:05:09,953 DEBUG org.apache.maven.app.PluginManager - classloader: null
2002-10-31 21:05:09,953 DEBUG org.apache.maven.app.PluginManager - dependency: velocity
2002-10-31 21:05:09,953 DEBUG org.apache.maven.app.PluginManager - classloader: root.maven
2002-10-31 21:05:09,953 DEBUG org.apache.maven.repository.DefaultJarArtifact - artifact: velocity-1.3.jar
2002-10-31 21:05:09,953 DEBUG org.apache.maven.app.PluginManager - jarFile: c:\program files\maven\repository\velocity\jars\velocity-1.3.jar
2002-10-31 21:05:09,953 DEBUG org.apache.maven.app.PluginManager - Adding c:\program files\maven\repository\velocity\jars\velocity-1.3.jar to root.maven
2002-10-31 21:05:09,953 DEBUG org.apache.maven.app.PluginManager - dependency: velocity-dvsl
2002-10-31 21:05:09,953 DEBUG org.apache.maven.app.PluginManager - classloader: root.maven
2002-10-31 21:05:09,953 DEBUG org.apache.maven.repository.DefaultJarArtifact - artifact: velocity-dvsl-0.45.jar
2002-10-31 21:05:09,953 DEBUG org.apache.maven.app.PluginManager - jarFile: c:\program files\maven\repository\velocity-dvsl\jars\velocity-dvsl-0.45.jar
2002-10-31 21:05:09,953 DEBUG org.apache.maven.app.PluginManager - Adding c:\program files\maven\repository\velocity-dvsl\jars\velocity-dvsl-0.45.jar to root.maven
2002-10-31 21:05:09,953 DEBUG org.apache.maven.repository.DefaultJarArtifact - artifact: ant-1.5.jar
2002-10-31 21:05:09,953 DEBUG org.apache.maven.repository.DefaultJarArtifact - artifact: dom4j-1.4-dev-7.jar
2002-10-31 21:05:09,953 DEBUG org.apache.maven.repository.DefaultJarArtifact - artifact: maven.jar
2002-10-31 21:05:09,963 DEBUG org.apache.maven.repository.DefaultJarArtifact - artifact: velocity-1.3.jar
2002-10-31 21:05:09,963 DEBUG org.apache.maven.repository.DefaultJarArtifact - artifact: velocity-dvsl-0.45.jar
2002-10-31 21:05:10,143 DEBUG org.apache.maven.app.PluginManager - 

LOADING PLUGIN: maven-java-plugin-1.2-SNAPSHOT -> c:\program files\maven\plugins\maven-java-plugin-1.2-SNAPSHOT
2002-10-31 21:05:10,333 DEBUG org.apache.maven.app.PluginManager - Loading plugin dependencies:
2002-10-31 21:05:10,433 DEBUG org.apache.maven.app.PluginManager - 

LOADING PLUGIN: maven-deploy-plugin-1.0 -> c:\program files\maven\plugins\maven-deploy-plugin-1.0
2002-10-31 21:05:10,533 DEBUG org.apache.maven.app.PluginManager - Loading plugin dependencies:
2002-10-31 21:05:10,613 ERROR org.apache.commons.jelly.tags.ant.AntTag - Class org.apache.commons.jelly.tags.werkz.ProjectTag doesn't support the nested "patternset" element.
2002-10-31 21:05:10,914 DEBUG org.apache.maven.app.PluginManager - 

LOADING PLUGIN: maven-antlr-plugin-1.1-SNAPSHOT -> c:\program files\maven\plugins\maven-antlr-plugin-1.1-SNAPSHOT
2002-10-31 21:05:11,124 DEBUG org.apache.maven.app.PluginManager - Loading plugin dependencies:
2002-10-31 21:05:11,124 DEBUG org.apache.maven.app.PluginManager - dependency: ant
2002-10-31 21:05:11,124 DEBUG org.apache.maven.app.PluginManager - classloader: root
2002-10-31 21:05:11,124 DEBUG org.apache.maven.repository.DefaultJarArtifact - artifact: ant-1.5.jar
2002-10-31 21:05:11,124 DEBUG org.apache.maven.app.PluginManager - jarFile: c:\program files\maven\repository\ant\jars\ant-1.5.jar
2002-10-31 21:05:11,124 DEBUG org.apache.maven.app.PluginManager - Adding c:\program files\maven\repository\ant\jars\ant-1.5.jar to root
2002-10-31 21:05:11,124 DEBUG org.apache.maven.app.PluginManager - dependency: commons-lang
2002-10-31 21:05:11,124 DEBUG org.apache.maven.app.PluginManager - classloader: root.maven
2002-10-31 21:05:11,124 DEBUG org.apache.maven.repository.DefaultJarArtifact - artifact: commons-lang-1.0-b1.1.jar
2002-10-31 21:05:11,134 DEBUG org.apache.maven.app.PluginManager - jarFile: c:\program files\maven\repository\commons-lang\jars\commons-lang-1.0-b1.1.jar
2002-10-31 21:05:11,134 DEBUG org.apache.maven.app.PluginManager - Adding c:\program files\maven\repository\commons-lang\jars\commons-lang-1.0-b1.1.jar to root.maven
2002-10-31 21:05:11,134 DEBUG org.apache.maven.app.PluginManager - dependency: antlr
2002-10-31 21:05:11,134 DEBUG org.apache.maven.app.PluginManager - classloader: root
2002-10-31 21:05:11,134 DEBUG org.apache.maven.repository.DefaultJarArtifact - artifact: antlrall-2.7.1.jar
2002-10-31 21:05:11,134 DEBUG org.apache.maven.app.PluginManager - jarFile: c:\program files\maven\repository\antlr\jars\antlrall-2.7.1.jar
2002-10-31 21:05:11,134 DEBUG org.apache.maven.app.PluginManager - Adding c:\program files\maven\repository\antlr\jars\antlrall-2.7.1.jar to root
2002-10-31 21:05:11,134 DEBUG org.apache.maven.repository.DefaultJarArtifact - artifact: ant-1.5.jar
2002-10-31 21:05:11,134 DEBUG org.apache.maven.repository.DefaultJarArtifact - artifact: commons-lang-1.0-b1.1.jar
2002-10-31 21:05:11,154 DEBUG org.apache.maven.repository.DefaultJarArtifact - artifact: antlrall-2.7.1.jar
2002-10-31 21:05:11,304 ERROR org.apache.commons.jelly.tags.ant.AntTag - The <javac> task doesn't support the nested "available" element.
2002-10-31 21:05:17,413 DEBUG org.apache.maven.app.PluginManager - 

LOADING PLUGIN: maven-checkstyle-plugin-1.1 -> c:\program files\maven\plugins\maven-checkstyle-plugin-1.1
2002-10-31 21:05:17,644 DEBUG org.apache.maven.app.PluginManager - Loading plugin dependencies:
2002-10-31 21:05:17,644 DEBUG org.apache.maven.app.PluginManager - dependency: antlr
2002-10-31 21:05:17,644 DEBUG org.apache.maven.app.PluginManager - classloader: root
2002-10-31 21:05:17,654 DEBUG org.apache.maven.repository.DefaultJarArtifact - artifact: antlrall-2.7.1.jar
2002-10-31 21:05:17,654 DEBUG org.apache.maven.app.PluginManager - jarFile: c:\program files\maven\repository\antlr\jars\antlrall-2.7.1.jar
2002-10-31 21:05:17,654 DEBUG org.apache.maven.app.PluginManager - Adding c:\program files\maven\repository\antlr\jars\antlrall-2.7.1.jar to root
2002-10-31 21:05:17,654 DEBUG org.apache.maven.app.PluginManager - dependency: checkstyle
2002-10-31 21:05:17,654 DEBUG org.apache.maven.app.PluginManager - classloader: root
2002-10-31 21:05:17,654 DEBUG org.apache.maven.repository.DefaultJarArtifact - artifact: checkstyle-2.3.jar
2002-10-31 21:05:17,654 DEBUG org.apache.maven.app.PluginManager - jarFile: c:\program files\maven\repository\checkstyle\jars\checkstyle-2.3.jar
2002-10-31 21:05:17,654 DEBUG org.apache.maven.app.PluginManager - Adding c:\program files\maven\repository\checkstyle\jars\checkstyle-2.3.jar to root
2002-10-31 21:05:17,654 DEBUG org.apache.maven.app.PluginManager - dependency: regexp
2002-10-31 21:05:17,654 DEBUG org.apache.maven.app.PluginManager - classloader: root
2002-10-31 21:05:17,654 DEBUG org.apache.maven.repository.DefaultJarArtifact - artifact: regexp-1.2.jar
2002-10-31 21:05:17,654 DEBUG org.apache.maven.app.PluginManager - jarFile: c:\program files\maven\repository\regexp\jars\regexp-1.2.jar
2002-10-31 21:05:17,654 DEBUG org.apache.maven.app.PluginManager - Adding c:\program files\maven\repository\regexp\jars\regexp-1.2.jar to root
2002-10-31 21:05:17,654 DEBUG org.apache.maven.repository.DefaultJarArtifact - artifact: antlrall-2.7.1.jar
2002-10-31 21:05:17,654 DEBUG org.apache.maven.repository.DefaultJarArtifact - artifact: checkstyle-2.3.jar
2002-10-31 21:05:17,654 DEBUG org.apache.maven.repository.DefaultJarArtifact - artifact: regexp-1.2.jar
2002-10-31 21:05:24,233 DEBUG org.apache.maven.app.PluginManager - 

LOADING PLUGIN: maven-changelog-plugin-1.2-SNAPSHOT -> c:\program files\maven\plugins\maven-changelog-plugin-1.2-SNAPSHOT
2002-10-31 21:05:24,433 DEBUG org.apache.maven.app.PluginManager - Loading plugin dependencies:
2002-10-31 21:05:24,433 DEBUG org.apache.maven.app.PluginManager - dependency: ant
2002-10-31 21:05:24,433 DEBUG org.apache.maven.app.PluginManager - classloader: null
2002-10-31 21:05:24,433 DEBUG org.apache.maven.app.PluginManager - dependency: commons-logging
2002-10-31 21:05:24,433 DEBUG org.apache.maven.app.PluginManager - classloader: null
2002-10-31 21:05:24,433 DEBUG org.apache.maven.app.PluginManager - dependency: regexp
2002-10-31 21:05:24,433 DEBUG org.apache.maven.app.PluginManager - classloader: null
2002-10-31 21:05:24,433 DEBUG org.apache.maven.app.PluginManager - dependency: maven
2002-10-31 21:05:24,433 DEBUG org.apache.maven.app.PluginManager - classloader: null
2002-10-31 21:05:24,433 DEBUG org.apache.maven.repository.DefaultJarArtifact - artifact: ant-1.5.jar
2002-10-31 21:05:24,433 DEBUG org.apache.maven.repository.DefaultJarArtifact - artifact: commons-logging-1.0.1.jar
2002-10-31 21:05:24,433 DEBUG org.apache.maven.repository.DefaultJarArtifact - artifact: regexp-1.2.jar
2002-10-31 21:05:24,433 DEBUG org.apache.maven.repository.DefaultJarArtifact - artifact: maven.jar
2002-10-31 21:05:29,250 INFO  org.apache.maven.changelog.ChangeLog - ChangeLog found: 3 entries
2002-10-31 21:05:29,310 DEBUG org.apache.maven.app.PluginManager - 

LOADING PLUGIN: maven-activity-plugin-1.2-SNAPSHOT -> c:\program files\maven\plugins\maven-activity-plugin-1.2-SNAPSHOT
2002-10-31 21:05:29,421 DEBUG org.apache.maven.app.PluginManager - Loading plugin dependencies:
2002-10-31 21:05:31,814 INFO  org.apache.maven.changelog.ChangeLog - ChangeLog found: 13 entries
2002-10-31 21:05:32,805 DEBUG org.apache.maven.app.PluginManager - 

LOADING PLUGIN: maven-javadoc-plugin-1.1-SNAPSHOT -> c:\program files\maven\plugins\maven-javadoc-plugin-1.1-SNAPSHOT
2002-10-31 21:05:32,996 DEBUG org.apache.maven.app.PluginManager - Loading plugin dependencies:
2002-10-31 21:05:32,996 DEBUG org.apache.maven.app.PluginManager - dependency: ant
2002-10-31 21:05:32,996 DEBUG org.apache.maven.app.PluginManager - classloader: root.maven
2002-10-31 21:05:32,996 DEBUG org.apache.maven.repository.DefaultJarArtifact - artifact: ant-1.5.jar
2002-10-31 21:05:32,996 DEBUG org.apache.maven.app.PluginManager - jarFile: c:\program files\maven\repository\ant\jars\ant-1.5.jar
2002-10-31 21:05:32,996 DEBUG org.apache.maven.app.PluginManager - Adding c:\program files\maven\repository\ant\jars\ant-1.5.jar to root.maven
2002-10-31 21:05:32,996 DEBUG org.apache.maven.app.PluginManager - dependency: commons-lang
2002-10-31 21:05:32,996 DEBUG org.apache.maven.app.PluginManager - classloader: root.maven
2002-10-31 21:05:33,006 DEBUG org.apache.maven.repository.DefaultJarArtifact - artifact: commons-lang-1.0-b1.1.jar
2002-10-31 21:05:33,006 DEBUG org.apache.maven.app.PluginManager - jarFile: c:\program files\maven\repository\commons-lang\jars\commons-lang-1.0-b1.1.jar
2002-10-31 21:05:33,006 DEBUG org.apache.maven.app.PluginManager - Adding c:\program files\maven\repository\commons-lang\jars\commons-lang-1.0-b1.1.jar to root.maven
2002-10-31 21:05:33,006 DEBUG org.apache.maven.repository.DefaultJarArtifact - artifact: ant-1.5.jar
2002-10-31 21:05:33,006 DEBUG org.apache.maven.repository.DefaultJarArtifact - artifact: commons-lang-1.0-b1.1.jar
2002-10-31 21:05:33,106 DEBUG org.apache.maven.app.PluginManager - 

LOADING PLUGIN: maven-license-plugin-1.0 -> c:\program files\maven\plugins\maven-license-plugin-1.0
2002-10-31 21:05:33,196 DEBUG org.apache.maven.app.PluginManager - Loading plugin dependencies:
2002-10-31 21:05:44,893 DEBUG org.apache.maven.app.PluginManager - 

LOADING PLUGIN: maven-jxr-plugin-1.0 -> c:\program files\maven\plugins\maven-jxr-plugin-1.0
2002-10-31 21:05:45,103 DEBUG org.apache.maven.app.PluginManager - Loading plugin dependencies:
2002-10-31 21:05:45,103 DEBUG org.apache.maven.app.PluginManager - dependency: ant
2002-10-31 21:05:45,103 DEBUG org.apache.maven.app.PluginManager - classloader: root.maven
2002-10-31 21:05:45,103 DEBUG org.apache.maven.repository.DefaultJarArtifact - artifact: ant-1.5.jar
2002-10-31 21:05:45,103 DEBUG org.apache.maven.app.PluginManager - jarFile: c:\program files\maven\repository\ant\jars\ant-1.5.jar
2002-10-31 21:05:45,103 DEBUG org.apache.maven.app.PluginManager - Adding c:\program files\maven\repository\ant\jars\ant-1.5.jar to root.maven
2002-10-31 21:05:45,103 DEBUG org.apache.maven.app.PluginManager - dependency: commons-lang
2002-10-31 21:05:45,103 DEBUG org.apache.maven.app.PluginManager - classloader: root.maven
2002-10-31 21:05:45,103 DEBUG org.apache.maven.repository.DefaultJarArtifact - artifact: commons-lang-1.0-b1.1.jar
2002-10-31 21:05:45,103 DEBUG org.apache.maven.app.PluginManager - jarFile: c:\program files\maven\repository\commons-lang\jars\commons-lang-1.0-b1.1.jar
2002-10-31 21:05:45,103 DEBUG org.apache.maven.app.PluginManager - Adding c:\program files\maven\repository\commons-lang\jars\commons-lang-1.0-b1.1.jar to root.maven
2002-10-31 21:05:45,103 DEBUG org.apache.maven.app.PluginManager - dependency: commons-logging
2002-10-31 21:05:45,103 DEBUG org.apache.maven.app.PluginManager - classloader: null
2002-10-31 21:05:45,103 DEBUG org.apache.maven.repository.DefaultJarArtifact - artifact: ant-1.5.jar
2002-10-31 21:05:45,103 DEBUG org.apache.maven.repository.DefaultJarArtifact - artifact: commons-lang-1.0-b1.1.jar
2002-10-31 21:05:45,103 DEBUG org.apache.maven.repository.DefaultJarArtifact - artifact: commons-logging-1.0.jar
2002-10-31 21:05:45,293 DEBUG org.apache.maven.jxr.JxrBean - sourceDir: src/java
2002-10-31 21:05:45,293 DEBUG org.apache.maven.jxr.JxrBean - sourcdDirs: 1
2002-10-31 21:05:48,037 DEBUG org.apache.maven.jxr.JxrBean - sourceDir: src/test
2002-10-31 21:05:48,037 DEBUG org.apache.maven.jxr.JxrBean - sourcdDirs: 1
2002-10-31 21:05:48,588 DEBUG org.apache.maven.app.PluginManager - 

LOADING PLUGIN: maven-junit-report-plugin-1.1 -> c:\program files\maven\plugins\maven-junit-report-plugin-1.1
2002-10-31 21:05:48,648 DEBUG org.apache.maven.app.PluginManager - Loading plugin dependencies:
2002-10-31 21:05:48,668 DEBUG org.apache.maven.app.PluginManager - 

LOADING PLUGIN: maven-test-plugin-1.2-SNAPSHOT -> c:\program files\maven\plugins\maven-test-plugin-1.2-SNAPSHOT
2002-10-31 21:05:48,828 DEBUG org.apache.maven.app.PluginManager - Loading plugin dependencies:
2002-10-31 21:05:48,828 DEBUG org.apache.maven.app.PluginManager - dependency: junit
2002-10-31 21:05:48,828 DEBUG org.apache.maven.app.PluginManager - classloader: root
2002-10-31 21:05:48,828 DEBUG org.apache.maven.repository.DefaultJarArtifact - artifact: junit-3.8.1.jar
2002-10-31 21:05:48,828 DEBUG org.apache.maven.app.PluginManager - jarFile: c:\program files\maven\repository\junit\jars\junit-3.8.1.jar
2002-10-31 21:05:48,828 DEBUG org.apache.maven.app.PluginManager - Adding c:\program files\maven\repository\junit\jars\junit-3.8.1.jar to root
2002-10-31 21:05:48,828 DEBUG org.apache.maven.app.PluginManager - dependency: xml-apis
2002-10-31 21:05:48,828 DEBUG org.apache.maven.app.PluginManager - classloader: root
2002-10-31 21:05:48,828 DEBUG org.apache.maven.repository.DefaultJarArtifact - artifact: xml-apis-2.0.2.jar
2002-10-31 21:05:48,828 DEBUG org.apache.maven.app.PluginManager - jarFile: c:\program files\maven\repository\xml-apis\jars\xml-apis-2.0.2.jar
2002-10-31 21:05:48,828 DEBUG org.apache.maven.app.PluginManager - Adding c:\program files\maven\repository\xml-apis\jars\xml-apis-2.0.2.jar to root
2002-10-31 21:05:48,838 DEBUG org.apache.maven.app.PluginManager - dependency: xerces
2002-10-31 21:05:48,838 DEBUG org.apache.maven.app.PluginManager - classloader: root
2002-10-31 21:05:48,838 DEBUG org.apache.maven.repository.DefaultJarArtifact - artifact: xerces-2.0.2.jar
2002-10-31 21:05:48,838 DEBUG org.apache.maven.app.PluginManager - jarFile: c:\program files\maven\repository\xerces\jars\xerces-2.0.2.jar
2002-10-31 21:05:48,838 DEBUG org.apache.maven.app.PluginManager - Adding c:\program files\maven\repository\xerces\jars\xerces-2.0.2.jar to root
2002-10-31 21:05:48,838 DEBUG org.apache.maven.repository.DefaultJarArtifact - artifact: junit-3.8.1.jar
2002-10-31 21:05:48,838 DEBUG org.apache.maven.repository.DefaultJarArtifact - artifact: xml-apis-2.0.2.jar
2002-10-31 21:05:48,838 DEBUG org.apache.maven.repository.DefaultJarArtifact - artifact: xerces-2.0.2.jar
2002-10-31 21:05:48,919 ERROR org.apache.commons.jelly.tags.ant.AntTag - The <javac> task doesn't support the nested "available" element.
2002-10-31 21:05:53,405 DEBUG org.apache.maven.app.PluginManager - 

LOADING PLUGIN: maven-tasklist-plugin-1.1-SNAPSHOT -> c:\program files\maven\plugins\maven-tasklist-plugin-1.1-SNAPSHOT
2002-10-31 21:05:53,705 DEBUG org.apache.maven.app.PluginManager - Loading plugin dependencies:
2002-10-31 21:05:53,705 DEBUG org.apache.maven.app.PluginManager - dependency: maven
2002-10-31 21:05:53,705 DEBUG org.apache.maven.app.PluginManager - classloader: null
2002-10-31 21:05:53,705 DEBUG org.apache.maven.app.PluginManager - dependency: ant
2002-10-31 21:05:53,705 DEBUG org.apache.maven.app.PluginManager - classloader: null
2002-10-31 21:05:53,705 DEBUG org.apache.maven.app.PluginManager - dependency: junit
2002-10-31 21:05:53,705 DEBUG org.apache.maven.app.PluginManager - classloader: null
2002-10-31 21:05:53,705 DEBUG org.apache.maven.app.PluginManager - dependency: commons-jelly
2002-10-31 21:05:53,705 DEBUG org.apache.maven.app.PluginManager - classloader: null
2002-10-31 21:05:53,705 DEBUG org.apache.maven.repository.DefaultJarArtifact - artifact: maven.jar
2002-10-31 21:05:53,705 DEBUG org.apache.maven.repository.DefaultJarArtifact - artifact: ant-1.5.jar
2002-10-31 21:05:53,705 DEBUG org.apache.maven.repository.DefaultJarArtifact - artifact: junit-3.8.1.jar
2002-10-31 21:05:53,705 DEBUG org.apache.maven.repository.DefaultJarArtifact - artifact: commons-jelly-SNAPSHOT.jar
2002-10-31 21:05:59,494 DEBUG org.apache.maven.app.PluginManager - 

LOADING PLUGIN: maven-aptdoc-plugin-1.0-SNAPSHOT -> c:\program files\maven\plugins\maven-aptdoc-plugin-1.0-SNAPSHOT
2002-10-31 21:06:00,866 DEBUG org.apache.maven.app.PluginManager - Loading plugin dependencies:
2002-10-31 21:06:00,866 DEBUG org.apache.maven.app.PluginManager - dependency: ant
2002-10-31 21:06:00,866 DEBUG org.apache.maven.app.PluginManager - classloader: root.maven
2002-10-31 21:06:00,866 DEBUG org.apache.maven.repository.DefaultJarArtifact - artifact: ant-1.5.jar
2002-10-31 21:06:00,866 DEBUG org.apache.maven.app.PluginManager - jarFile: c:\program files\maven\repository\ant\jars\ant-1.5.jar
2002-10-31 21:06:00,866 DEBUG org.apache.maven.app.PluginManager - Adding c:\program files\maven\repository\ant\jars\ant-1.5.jar to root.maven
2002-10-31 21:06:00,866 DEBUG org.apache.maven.app.PluginManager - dependency: aptconvert
2002-10-31 21:06:00,866 DEBUG org.apache.maven.app.PluginManager - classloader: root.maven
2002-10-31 21:06:00,866 DEBUG org.apache.maven.repository.DefaultJarArtifact - artifact: aptconvert-020903.jar
2002-10-31 21:06:00,866 DEBUG org.apache.maven.app.PluginManager - jarFile: c:\program files\maven\repository\aptconvert\jars\aptconvert-020903.jar
2002-10-31 21:06:00,946 DEBUG org.apache.maven.app.PluginManager - Adding c:\program files\maven\repository\aptconvert\jars\aptconvert-020903.jar to root.maven
2002-10-31 21:06:00,946 DEBUG org.apache.maven.repository.DefaultJarArtifact - artifact: ant-1.5.jar
2002-10-31 21:06:00,946 DEBUG org.apache.maven.repository.DefaultJarArtifact - artifact: aptconvert-020903.jar
